../Src/main.c:65:5:main	8	static
../Src/main.c:88:6:task1_handler	8	static
../Src/main.c:97:6:task2_handler	8	static
../Src/main.c:106:6:task3_handler	8	static
../Src/main.c:116:6:task4_handler	8	static
../Src/main.c:126:6:idle_task_handler	4	static
../Src/main.c:131:6:Systick_init	32	static
../Src/main.c:153:29:init_scheduler_stack	0	static,ignoring_inline_asm
../Src/main.c:162:6:init_task_stack	24	static
../Src/main.c:213:6:enable_processor_faults	16	static
../Src/main.c:222:6:rcc_init	4	static
../Src/main.c:225:6:gpiod_init	4	static
../Src/main.c:230:6:gpiod_led_toggle	16	static
../Src/main.c:236:6:schedule	16	static
../Src/main.c:243:6:task_delay	16	static
../Src/main.c:252:10:get_psp_value	4	static
../Src/main.c:257:6:save_psp_value	16	static
../Src/main.c:262:6:update_next_task	16	static
../Src/main.c:279:29:switch_sp_to_psp	0	static,ignoring_inline_asm
../Src/main.c:300:6:HardFault_Handler	8	static
../Src/main.c:306:6:MemManage_Handler	8	static
../Src/main.c:311:6:BusFault_Handler	8	static
../Src/main.c:318:6:update_global_tick_count	4	static
../Src/main.c:322:6:unblock_tasks	16	static
../Src/main.c:337:7:SysTick_Handler	16	static
../Src/main.c:354:29:PendSV_Handler	0	static,ignoring_inline_asm
