01:45:11 **** Incremental Build of configuration Debug for project SVC_servicecall ****
make -j10 all 
arm-none-eabi-gcc "../Src/main.c" -mcpu=cortex-m4 -std=gnu11 -g3 -DDEBUG -DSTM32 -DSTM32F407G_DISC1 -DSTM32F4 -DSTM32F407VGTx -c -I../Inc -O0 -ffunction-sections -fdata-sections -Wall -fstack-usage -fcyclomatic-complexity -MMD -MP -MF"Src/main.d" -MT"Src/main.o" --specs=nano.specs -mfpu=fpv4-sp-d16 -mfloat-abi=hard -mthumb -o "Src/main.o"
arm-none-eabi-gcc -o "SVC_servicecall.elf" @"objects.list"   -mcpu=cortex-m4 -T"/Users/ggpai/Desktop/Prog_arm/SVC_servicecall/STM32F407VGTX_FLASH.ld" --specs=nosys.specs -Wl,-Map="SVC_servicecall.map" -Wl,--gc-sections -static --specs=nano.specs -mfpu=fpv4-sp-d16 -mfloat-abi=hard -mthumb -Wl,--start-group -lc -lm -Wl,--end-group
Finished building target: SVC_servicecall.elf
 
arm-none-eabi-size  SVC_servicecall.elf 
arm-none-eabi-objdump -h -S SVC_servicecall.elf  > "SVC_servicecall.list"
   text	   data	    bss	    dec	    hex	filename
   5612	     92	   1900	   7604	   1db4	SVC_servicecall.elf
Finished building: default.size.stdout
 
Finished building: SVC_servicecall.list
 
01:45:17 **** Incremental Build of configuration Debug for project SVC_servicecall ****
make -j10 all 
arm-none-eabi-size  SVC_servicecall.elf 
   text	   data	    bss	    dec	    hex	filename
   5612	     92	   1900	   7604	   1db4	SVC_servicecall.elf
Finished building: default.size.stdout
 
01:47:39 **** Incremental Build of configuration Debug for project SVC_servicecall ****
make -j10 all 
arm-none-eabi-size  SVC_servicecall.elf 
   text	   data	    bss	    dec	    hex	filename
   5612	     92	   1900	   7604	   1db4	SVC_servicecall.elf
Finished building: default.size.stdout
 
